July 1st - July 4th
December 1st - February 3rd
December 1st, 2015 - February 3rd, 2017
March 1st - May 5th, 2016
January 1st - January 1st, 2017
September 5th, 2022 - September 4th, 2023
December 11th, 2015 - December 11th, 2016
