Compares output to expected output and will tell you if it matches, suppose to be used for Reddit Challenges

(Not Done)

